ERROR: Failed to open 'user://logs/godot2026-09-14T19.41.12.log'.
   at: copy (core/io/dir_access.cpp:429)
ERROR: Failed to open log file for writing: user://logs/godot.log
   at: rotate_file (core/io/logger.cpp:169)
Godot Engine v4.7.2.stable.official.ed1daf0bf - https://godotengine.org
Vulkan 1.4.335 - Forward+ - Using Device #0: Unknown - llvmpipe (LLVM 21.1.8, 256 bits)

--- pulse ---
   muzzle=(1.106, 1.459, 0.166)  aim=(1.0, 0.0, 0.0)
   projectile spawned at (1.706, 1.459, 0.0)  offset from muzzle=(0.6, 0.0, -0.166)
   shot saved: fire_pulse.png
--- scatter ---
   muzzle=(1.104, 1.476, 0.164)  aim=(1.0, 0.0, 0.0)
   projectile spawned at (1.56, 1.375, 0.0)  offset from muzzle=(0.455, -0.102, -0.164)
   projectile spawned at (1.568, 1.425, 0.0)  offset from muzzle=(0.464, -0.051, -0.164)
   projectile spawned at (1.571, 1.476, 0.0)  offset from muzzle=(0.467, 0.0, -0.164)
   projectile spawned at (1.568, 1.528, 0.0)  offset from muzzle=(0.464, 0.051, -0.164)
   projectile spawned at (1.56, 1.578, 0.0)  offset from muzzle=(0.455, 0.102, -0.164)
   shot saved: fire_scatter.png
--- railgun ---
   muzzle=(1.107, 1.464, 0.166)  aim=(1.0, 0.0, 0.0)
   projectile spawned at (2.024, 1.464, 0.0)  offset from muzzle=(0.917, 0.0, -0.166)
   shot saved: fire_railgun.png
EXIT=0
